// Jest Snapshot v1, https://goo.gl/fbAQLP

exports[`should match snapshot 1`] = `
<DocumentFragment>
  <div
    class="Coin"
  >
    <img
      alt="coin"
      class="Coin-Img"
    />
  </div>
</DocumentFragment>
`;
